// Jest Snapshot v1, https://goo.gl/fbAQLP

exports[`render Sidebar component 1`] = `
<div
  className="sidebar"
>
  <img
    alt=""
    className="sidebar__logo"
    src="https://getheavy.com/wp-content/uploads/2019/12/spotify2019-830x350.jpg"
  />
  <NavLink
    activeClassName="sidebarOptionActive"
    to="/"
  >
    <SidebarOption
      Icon={
        Object {
          "$$typeof": Symbol(react.memo),
          "compare": null,
          "displayName": "HomeIcon",
          "muiName": "SvgIcon",
          "type": Object {
            "$$typeof": Symbol(react.forward_ref),
            "render": [Function],
          },
        }
      }
      option="Home"
    />
  </NavLink>
  <NavLink
    activeClassName="sidebarOptionActive"
    to="/search"
  >
    <SidebarOption
      Icon={
        Object {
          "$$typeof": Symbol(react.memo),
          "compare": null,
          "displayName": "SearchIcon",
          "muiName": "SvgIcon",
          "type": Object {
            "$$typeof": Symbol(react.forward_ref),
            "render": [Function],
          },
        }
      }
      option="Search"
    />
  </NavLink>
  <NavLink
    activeClassName="sidebarOptionActive"
    to="/myplaylists"
  >
    <SidebarOption
      Icon={
        Object {
          "$$typeof": Symbol(react.memo),
          "compare": null,
          "displayName": "LibraryMusicIcon",
          "muiName": "SvgIcon",
          "type": Object {
            "$$typeof": Symbol(react.forward_ref),
            "render": [Function],
          },
        }
      }
      option="Your Library"
    />
  </NavLink>
</div>
`;
